../Core/Src/OLED.c:10:6:OLED_WR_Byte	32	static
../Core/Src/OLED.c:29:6:OLED_ColorTurn	16	static
../Core/Src/OLED.c:41:6:OLED_SetBrightness	32	static
../Core/Src/OLED.c:61:6:OLED_DisplayTurn	16	static
../Core/Src/OLED.c:76:6:OLED_DisPlay_On	8	static
../Core/Src/OLED.c:84:6:OLED_DisPlay_Off	8	static
../Core/Src/OLED.c:92:6:OLED_Refresh	160	static
../Core/Src/OLED.c:122:6:OLED_Clear	16	static
../Core/Src/OLED.c:139:6:OLED_DrawPoint	24	static
../Core/Src/OLED.c:160:6:OLED_DrawLine	64	static
../Core/Src/OLED.c:210:6:OLED_DrawCircle	32	static
../Core/Src/OLED.c:242:6:OLED_ShowChar	32	static
../Core/Src/OLED.c:295:6:OLED_ShowString	32	static
../Core/Src/OLED.c:309:10:OLED_Pow	24	static
../Core/Src/OLED.c:324:6:OLED_ShowNum	40	static
../Core/Src/OLED.c:347:6:OLED_ShowChinese	40	static
../Core/Src/OLED.c:380:6:OLED_ScrollDisplay	40	static
../Core/Src/OLED.c:422:6:OLED_ShowPicture	32	static
../Core/Src/OLED.c:455:6:OLED_Init	8	static
